Assertion failed: !result.has_error, file test.c, line 12
